8 1 1e-3 ('ok', 5.098014300174971e-06, 0.0050980143001749705, 0.0, 0.0016915714929162883, 1.6915714929162882, True, 0.00046941509799276765, 0.001)
8 1 1e-2 ('ok', 0.0013664551505532185, 0.13664551505532185, 0.0, 0.0028554238471252646, 0.28554238471252646, True, 0.0002311697501946661, 0.01)
8 1 1e-1 ('ok', 0.004659582402804747, 0.04659582402804747, 0.0, 0.009770808300688778, 0.09770808300688778, True, 0.0008795718264443056, 0.1)
8 1 1 ('ok', 0.21328088260709613, 0.21328088260709613, 0.0, 0.9447113250768692, 0.9447113250768692, True, 0.0009771874530380426, 1.0)
8 1 10 ('ok', 0.3711087259839846, 0.03711087259839846, 0.0, 10.388615789332398, 1.0388615789332398, True, 0.0004971253129368484, 10.0)
8 1 100 ('diverge', 1.401010161660434e+21, 100.0)
8 2 1e-3 ('ok', 0.0002489118605879183, 0.24891186058791828, 0.0, 0.0005491449131718343, 0.5491449131718343, True, 0.0003936741529674596, 0.001)
8 2 1e-2 ('ok', 0.0013811226448097922, 0.1381122644809792, 0.0, 0.008015199830639844, 0.8015199830639844, True, 0.0004597141132572064, 0.01)
8 2 1e-1 ('ok', 0.003784638533091192, 0.03784638533091192, 0.0, 0.0888516768602083, 0.888516768602083, True, 0.0008771186765946618, 0.1)
8 2 1 ('ok', 0.4852370544016731, 0.4852370544016731, 0.0, 4.607720800868381, 4.607720800868381, True, 0.0010327019368026877, 1.0)
8 2 10 ('diverge', 2.786405536010154, 10.0)
8 2 100 ('diverge', 9.012407686402037e+25, 100.0)
8 3 1e-3 ('ok', 0.0002682494203066859, 0.2682494203066859, 0.0, 0.0027328037077625905, 2.7328037077625904, True, 8.821829395411338e-05, 0.001)
8 3 1e-2 ('ok', 0.00915591301967273, 0.915591301967273, 0.0, 1.0833425938411716, 108.33425938411717, True, 0.0012023990651255164, 0.01)
8 3 1e-1 ('ok', 0.007095315064836103, 0.07095315064836102, 0.0, 0.02370567144690208, 0.2370567144690208, True, 0.00019030153563668505, 0.1)
8 3 1 ('diverge', 4.855885423983082e+32, 1.0)
8 3 10 ('diverge', 9.773246051759807e+32, 10.0)
8 3 100 ('diverge', 1.695430376621471e+32, 100.0)
10 1 1e-3 ('ok', 0.0003790953951814069, 0.3790953951814069, 0.0, 0.0013965699741993376, 1.3965699741993376, True, 0.000291186473596909, 0.001)
10 1 1e-2 ('ok', 0.0010180806256753759, 0.10180806256753758, 0.0, 0.00849021609403671, 0.849021609403671, True, 0.00018978441299737414, 0.01)
10 1 1e-1 ('ok', 0.0002717708754570589, 0.0027177087545705893, 0.0, 0.02582361139630786, 0.2582361139630786, True, 3.281538218540233e-05, 0.1)
10 1 1 ('ok', 0.3836003634306208, 0.3836003634306208, 0.0, 0.22369079563977476, 0.22369079563977476, True, 0.0007242262577192846, 1.0)
10 1 10 ('diverge', 2.7265650650423067e+32, 10.0)
10 1 100 ('diverge', 7.039082495674103e+31, 100.0)
10 2 1e-3 ('ok', 0.0001762433468911083, 0.1762433468911083, 0.0, 0.006330553691004711, 6.330553691004711, True, 0.0001296566013900226, 0.001)
10 2 1e-2 ('ok', 0.004238388499487362, 0.4238388499487362, 0.0, 0.09613082862798489, 9.613082862798489, True, 0.0005961807218840861, 0.01)
10 2 1e-1 ('ok', 0.004474848764810061, 0.044748487648100604, 0.0, 0.001247982848349359, 0.012479828483493589, True, 4.517213224826294e-06, 0.1)
10 2 1 ('ok', 0.07261766766809041, 0.07261766766809041, 0.0, 0.3321742455283714, 0.3321742455283714, True, 0.0001394770046235575, 1.0)
10 2 10 ('diverge', 2.3331896500278497, 10.0)
10 2 100 ('diverge', 5.438583627505652e+38, 100.0)
10 3 1e-3 ('ok', 0.00044342642160989784, 0.44342642160989787, 0.0, 0.0031184244954709406, 3.118424495470941, True, 9.441574426949561e-05, 0.001)
10 3 1e-2 ('ok', 0.0010559428968635561, 0.10559428968635562, 0.0, 0.5571625665804781, 55.71625665804781, True, 0.0015899180498877277, 0.01)
10 3 1e-1 ('ok', 0.011935789439304931, 0.11935789439304932, 0.0, 0.01103755322706483, 0.11037553227064831, True, 2.364084024516918e-05, 0.1)
10 3 1 ('diverge', 0.7915262513711054, 1.0)
10 3 10 ('diverge', 4.2628895396398115e+45, 10.0)
10 3 100 ('diverge', 2.6244050135639346e+46, 100.0)
12 1 1e-3 ('ok', 0.0001086465882916171, 0.1086465882916171, 0.0, 0.0008685089920326777, 0.8685089920326777, True, 9.547608870988042e-05, 0.001)
12 1 1e-2 ('ok', 0.0025101910924201034, 0.2510191092420103, 0.0, 0.023232553185263127, 2.323255318526313, True, 0.0002673356720223434, 0.01)
12 1 1e-1 ('ok', 0.026120607242932494, 0.261206072429325, 0.0, 0.092342191297264, 0.9234219129726399, True, 2.2039531153112104e-05, 0.1)
12 1 1 ('ok', 0.1273098720024587, 0.1273098720024587, 0.0, 0.7336952894242775, 0.7336952894242775, True, 0.0001356703018372597, 1.0)
12 1 10 ('ok', 0.6211215479083171, 0.06211215479083171, 0.0, 2.405159729444234, 0.24051597294442342, True, 2.0964208776034656e-05, 10.0)
12 1 100 ('diverge', 5.922451045386406e+45, 100.0)
12 2 1e-3 ('ok', 0.002971124691643857, 2.9711246916438574, 0.0, 0.051887327607662424, 51.88732760766242, True, 0.0007012063782976338, 0.001)
12 2 1e-2 ('ok', 0.0011090189668974178, 0.11090189668974178, 0.0, 0.016244704332318907, 1.6244704332318909, True, 4.839577477941354e-05, 0.01)
12 2 1e-1 ('ok', 0.012250245413675608, 0.12250245413675608, 0.0, 0.13184775133453308, 1.3184775133453306, True, 7.897707468204817e-05, 0.1)
12 2 1 ('ok', 0.6124293145422149, 0.6124293145422149, 0.0, 39.97675580818644, 39.97675580818644, False, 0.00010826672649089997, 1.0)
12 2 10 ('diverge', 6.447208551027242e+53, 10.0)
12 2 100 ('diverge', 6.3197046812786185e+53, 100.0)
12 3 1e-3 ('ok', 2.050671697021473e-07, 0.0002050671697021473, 0.0, 4.2906468212711344e-05, 0.042906468212711345, True, 1.1396392419353782e-05, 0.001)
12 3 1e-2 ('ok', 0.0014147994442527878, 0.14147994442527878, 0.0, 0.047040490905391474, 4.704049090539147, True, 1.5207213692386654e-05, 0.01)
12 3 1e-1 ('ok', 0.08553152630761587, 0.8553152630761588, 0.0, 12.248789766901266, 122.48789766901267, True, 0.0001667321558583604, 0.1)
12 3 1 ('ok', 0.33502352996921175, 0.33502352996921175, 0.0, 1.724922051924682, 1.724922051924682, True, 3.579595605319014e-05, 1.0)
12 3 10 ('diverge', 3.2107128268392816e+61, 10.0)
12 3 100 ('diverge', 1.7356045756802723, 100.0)
14 1 1e-3 ('ok', 5.3667609955475186e-05, 0.05366760995547519, 0.0, 0.000273968705026226, 0.273968705026226, True, 1.8155104556813567e-05, 0.001)
14 1 1e-2 ('ok', 0.0005237996124871175, 0.05237996124871175, 0.0, 0.004836380511054593, 0.4836380511054593, True, 3.9223539004596605e-05, 0.01)
14 1 1e-1 ('ok', 0.014185330883994814, 0.14185330883994815, 0.0, 0.03461697948025906, 0.34616979480259064, True, 1.2547146501561772e-05, 0.1)
14 1 1 ('ok', 0.11641333618353936, 0.11641333618353936, 0.0, 0.2772084741725252, 0.2772084741725252, True, 2.9100584217831816e-06, 1.0)
14 1 10 ('ok', 0.08430229350416849, 0.00843022935041685, 0.0, 10.78263128160936, 1.078263128160936, True, 5.447932813012158e-05, 10.0)
14 1 100 ('diverge', 8.692248697590803e+62, 100.0)
14 2 1e-3 ('ok', 0.0001865659749906523, 0.18656597499065228, 0.0, 0.0021714291451801256, 2.1714291451801255, True, 1.8859333934608945e-05, 0.001)
14 2 1e-2 ('ok', 0.001867405226667009, 0.1867405226667009, 0.0, 0.06064489227818181, 6.064489227818181, True, 3.2222463462610463e-05, 0.01)
14 2 1e-1 ('ok', 0.009707963568568755, 0.09707963568568755, 0.0, 1.0143832731553513, 10.143832731553513, True, 1.9362256403344932e-05, 0.1)
14 2 1 ('ok', 0.01978360432548212, 0.01978360432548212, 0.0, 0.044631669406437556, 0.044631669406437556, True, 1.3655921273017991e-06, 1.0)
14 2 10 ('diverge', 1.866116294739597, 10.0)
14 2 100 ('diverge', 1.5812542098129126e+71, 100.0)
14 3 1e-3 ('ok', 0.0001680091408118543, 0.1680091408118543, 0.0, 0.0003180690512464085, 0.3180690512464085, True, 1.6775235846046903e-06, 0.001)
14 3 1e-2 ('ok', 0.007014414307276259, 0.7014414307276259, 0.0, 0.548703451323556, 54.8703451323556, True, 2.387539991895861e-05, 0.01)
14 3 1e-1 ('ok', 0.00163004409175364, 0.0163004409175364, 0.0, 0.004614375729515235, 0.04614375729515235, True, 2.3426023129621195e-06, 0.1)
14 3 1 ('diverge', 3.2132173429788465e+81, 1.0)
14 3 10 ('diverge', 1.9107244887761685, 10.0)
14 3 100 ('diverge', 2.8267201844158214e+81, 100.0)
