This is pdfTeX, Version 3.141592653-2.6-1.40.25 (TeX Live 2023/Debian) (preloaded format=pdflatex 2026.10.9)  9 OCT 2026 03:06
entering extended mode
 restricted \write18 enabled.
 %&-line parsing enabled.
**martin_density_note.tex
(./martin_density_note.tex
LaTeX2e <2023-11-01> patch level 1
L3 programming layer <2024-01-22>
(/usr/share/texlive/texmf-dist/tex/latex/amscls/amsart.cls
Document Class: amsart 2020/05/29 v2.20.6
\linespacing=\dimen140
\normalparindent=\dimen141
\normaltopskip=\skip48
(/usr/share/texlive/texmf-dist/tex/latex/amsmath/amsmath.sty
Package: amsmath 2023/05/13 v2.17o AMS math features
\@mathmargin=\skip49

For additional information on amsmath, use the `?' option.
(/usr/share/texlive/texmf-dist/tex/latex/amsmath/amstext.sty
Package: amstext 2021/08/26 v2.01 AMS text

(/usr/share/texlive/texmf-dist/tex/latex/amsmath/amsgen.sty
File: amsgen.sty 1999/11/30 v2.0 generic functions
\@emptytoks=\toks17
\ex@=\dimen142
))
(/usr/share/texlive/texmf-dist/tex/latex/amsmath/amsbsy.sty
Package: amsbsy 1999/11/29 v1.2d Bold Symbols
\pmbraise@=\dimen143
)
(/usr/share/texlive/texmf-dist/tex/latex/amsmath/amsopn.sty
Package: amsopn 2022/04/08 v2.04 operator names
)
\inf@bad=\count187
LaTeX Info: Redefining \frac on input line 234.
\uproot@=\count188
\leftroot@=\count189
LaTeX Info: Redefining \overline on input line 399.
LaTeX Info: Redefining \colon on input line 410.
\classnum@=\count190
\DOTSCASE@=\count191
LaTeX Info: Redefining \ldots on input line 496.
LaTeX Info: Redefining \dots on input line 499.
LaTeX Info: Redefining \cdots on input line 620.
\Mathstrutbox@=\box51
\strutbox@=\box52
LaTeX Info: Redefining \big on input line 722.
LaTeX Info: Redefining \Big on input line 723.
LaTeX Info: Redefining \bigg on input line 724.
LaTeX Info: Redefining \Bigg on input line 725.
\big@size=\dimen144
LaTeX Font Info:    Redeclaring font encoding OML on input line 743.
LaTeX Font Info:    Redeclaring font encoding OMS on input line 744.
\macc@depth=\count192
LaTeX Info: Redefining \bmod on input line 905.
LaTeX Info: Redefining \pmod on input line 910.
LaTeX Info: Redefining \smash on input line 940.
LaTeX Info: Redefining \relbar on input line 970.
LaTeX Info: Redefining \Relbar on input line 971.
\c@MaxMatrixCols=\count193
\dotsspace@=\muskip16
\c@parentequation=\count194
\dspbrk@lvl=\count195
\tag@help=\toks18
\row@=\count196
\column@=\count197
\maxfields@=\count198
\andhelp@=\toks19
\eqnshift@=\dimen145
\alignsep@=\dimen146
\tagshift@=\dimen147
\tagwidth@=\dimen148
\totwidth@=\dimen149
\lineht@=\dimen150
\@envbody=\toks20
\multlinegap=\skip50
\multlinetaggap=\skip51
\mathdisplay@stack=\toks21
LaTeX Info: Redefining \[ on input line 2953.
LaTeX Info: Redefining \] on input line 2954.
)
LaTeX Font Info:    Trying to load font information for U+msa on input line 397
.

(/usr/share/texlive/texmf-dist/tex/latex/amsfonts/umsa.fd
File: umsa.fd 2013/01/14 v3.01 AMS symbols A
)
(/usr/share/texlive/texmf-dist/tex/latex/amsfonts/amsfonts.sty
Package: amsfonts 2013/01/14 v3.01 Basic AMSFonts support
\symAMSa=\mathgroup4
\symAMSb=\mathgroup5
LaTeX Font Info:    Redeclaring math symbol \hbar on input line 98.
LaTeX Font Info:    Overwriting math alphabet `\mathfrak' in version `bold'
(Font)                  U/euf/m/n --> U/euf/b/n on input line 106.
)
\copyins=\insert199
\abstractbox=\box53
\listisep=\skip52
\c@part=\count266
\c@section=\count267
\c@subsection=\count268
\c@subsubsection=\count269
\c@paragraph=\count270
\c@subparagraph=\count271
\c@figure=\count272
\c@table=\count273
\abovecaptionskip=\skip53
\belowcaptionskip=\skip54
\captionindent=\dimen151
\thm@style=\toks22
\thm@bodyfont=\toks23
\thm@headfont=\toks24
\thm@notefont=\toks25
\thm@headpunct=\toks26
\thm@preskip=\skip55
\thm@postskip=\skip56
\thm@headsep=\skip57
\dth@everypar=\toks27
)
(/usr/share/texlive/texmf-dist/tex/latex/amsfonts/amssymb.sty
Package: amssymb 2013/01/14 v3.01 AMS font symbols
)
(/usr/share/texlive/texmf-dist/tex/latex/mathtools/mathtools.sty
Package: mathtools 2022/06/29 v1.29 mathematical typesetting tools

(/usr/share/texlive/texmf-dist/tex/latex/graphics/keyval.sty
Package: keyval 2022/05/29 v1.15 key=value parser (DPC)
\KV@toks@=\toks28
)
(/usr/share/texlive/texmf-dist/tex/latex/tools/calc.sty
Package: calc 2023/07/08 v4.3 Infix arithmetic (KKT,FJ)
\calc@Acount=\count274
\calc@Bcount=\count275
\calc@Adimen=\dimen152
\calc@Bdimen=\dimen153
\calc@Askip=\skip58
\calc@Bskip=\skip59
LaTeX Info: Redefining \setlength on input line 80.
LaTeX Info: Redefining \addtolength on input line 81.
\calc@Ccount=\count276
\calc@Cskip=\skip60
)
(/usr/share/texlive/texmf-dist/tex/latex/mathtools/mhsetup.sty
Package: mhsetup 2021/03/18 v1.4 programming setup (MH)
)
\g_MT_multlinerow_int=\count277
\l_MT_multwidth_dim=\dimen154
\origjot=\skip61
\l_MT_shortvdotswithinadjustabove_dim=\dimen155
\l_MT_shortvdotswithinadjustbelow_dim=\dimen156
\l_MT_above_intertext_sep=\dimen157
\l_MT_below_intertext_sep=\dimen158
\l_MT_above_shortintertext_sep=\dimen159
\l_MT_below_shortintertext_sep=\dimen160
\xmathstrut@box=\box54
\xmathstrut@dim=\dimen161
)
\c@theorem=\count278

(/usr/share/texlive/texmf-dist/tex/latex/l3backend/l3backend-pdftex.def
File: l3backend-pdftex.def 2024-01-04 L3 backend support: PDF output (pdfTeX)
\l__color_backend_stack_int=\count279
\l__pdf_internal_box=\box55
)
(build/martin_density_note.aux)
\openout1 = `martin_density_note.aux'.

LaTeX Font Info:    Checking defaults for OML/cmm/m/it on input line 32.
LaTeX Font Info:    ... okay on input line 32.
LaTeX Font Info:    Checking defaults for OMS/cmsy/m/n on input line 32.
LaTeX Font Info:    ... okay on input line 32.
LaTeX Font Info:    Checking defaults for OT1/cmr/m/n on input line 32.
LaTeX Font Info:    ... okay on input line 32.
LaTeX Font Info:    Checking defaults for T1/cmr/m/n on input line 32.
LaTeX Font Info:    ... okay on input line 32.
LaTeX Font Info:    Checking defaults for TS1/cmr/m/n on input line 32.
LaTeX Font Info:    ... okay on input line 32.
LaTeX Font Info:    Checking defaults for OMX/cmex/m/n on input line 32.
LaTeX Font Info:    ... okay on input line 32.
LaTeX Font Info:    Checking defaults for U/cmr/m/n on input line 32.
LaTeX Font Info:    ... okay on input line 32.
LaTeX Font Info:    Trying to load font information for U+msa on input line 32.


(/usr/share/texlive/texmf-dist/tex/latex/amsfonts/umsa.fd
File: umsa.fd 2013/01/14 v3.01 AMS symbols A
)
LaTeX Font Info:    Trying to load font information for U+msb on input line 32.


(/usr/share/texlive/texmf-dist/tex/latex/amsfonts/umsb.fd
File: umsb.fd 2013/01/14 v3.01 AMS symbols B
)
(/usr/share/texlive/texmf-dist/tex/latex/graphics/graphicx.sty
Package: graphicx 2021/09/16 v1.2d Enhanced LaTeX Graphics (DPC,SPQR)

(/usr/share/texlive/texmf-dist/tex/latex/graphics/graphics.sty
Package: graphics 2022/03/10 v1.4e Standard LaTeX Graphics (DPC,SPQR)

(/usr/share/texlive/texmf-dist/tex/latex/graphics/trig.sty
Package: trig 2021/08/11 v1.11 sin cos tan (DPC)
)
(/usr/share/texlive/texmf-dist/tex/latex/graphics-cfg/graphics.cfg
File: graphics.cfg 2016/06/04 v1.11 sample graphics configuration
)
Package graphics Info: Driver file: pdftex.def on input line 107.

(/usr/share/texlive/texmf-dist/tex/latex/graphics-def/pdftex.def
File: pdftex.def 2022/09/22 v1.2b Graphics/color driver for pdftex

(/usr/share/texlive/texmf-dist/tex/context/base/mkii/supp-pdf.mkii
[Loading MPS to PDF converter (version 2006.09.02).]
\scratchcounter=\count280
\scratchdimen=\dimen162
\scratchbox=\box56
\nofMPsegments=\count281
\nofMParguments=\count282
\everyMPshowfont=\toks29
\MPscratchCnt=\count283
\MPscratchDim=\dimen163
\MPnumerator=\count284
\makeMPintoPDFobject=\count285
\everyMPtoPDFconversion=\toks30
))) (/usr/share/texlive/texmf-dist/tex/latex/epstopdf-pkg/epstopdf-base.sty
Package: epstopdf-base 2020-01-24 v2.11 Base part for package epstopdf
Package epstopdf-base Info: Redefining graphics rule for `.eps' on input line 4
85.

(/usr/share/texlive/texmf-dist/tex/latex/latexconfig/epstopdf-sys.cfg
File: epstopdf-sys.cfg 2010/07/13 v1.3 Configuration of (r)epstopdf for TeX Liv
e
))
\Gin@req@height=\dimen164
\Gin@req@width=\dimen165
)
(build/martin_density_note.toc
Overfull \vbox (1.30995pt too high) has occurred while \output is active []


[1{/var/lib/texmf/fonts/map/pdftex/updmap/pdftex.map}])
\tf@toc=\write3
\openout3 = `martin_density_note.toc'.

 [2] [3]
Overfull \hbox (14.57051pt too wide) detected at line 206
\OML/cmm/m/it/10 ^^P=\OMS/cmsy/m/n/10 j\OML/cmm/m/it/10 ^^P\OMS/cmsy/m/n/10 j \
OT1/cmr/m/n/10 = \OML/cmm/m/it/10  \OT1/cmr/m/n/10 + \OML/cmm/m/it/10 D[]w=C; 
 \OMS/cmsy/m/n/10 k\OML/cmm/m/it/10 \OMS/cmsy/m/n/10 k[] \OT1/cmr/m/n/10 = 1\O
ML/cmm/m/it/10 ;  []  \OMS/cmsy/m/n/10 ^^R \OML/cmm/m/it/10 P;  [] \OT1/cmr/m
/n/10 (\OML/cmm/m/it/10 k\OT1/cmr/m/n/10 ) = [] \OML/cmm/m/it/10 w\OT1/cmr/m/n/
10 (\OML/cmm/m/it/10 k\OT1/cmr/m/n/10 ) (\OML/cmm/m/it/10 k \OMS/cmsy/m/n/10 2 
[] \OML/cmm/m/it/10 \OT1/cmr/m/n/10 )\OML/cmm/m/it/10 :
 []

[4] [5] [6]
Overfull \hbox (6.8814pt too wide) in paragraph at lines 509--525
[]\OT1/cmr/m/n/10 If $\OML/cmm/m/it/10 g[] \OMS/cmsy/m/n/10 2 C\OT1/cmr/m/n/10 
(\OML/cmm/m/it/10 f[]\OT1/cmr/m/n/10 )$ and $\OML/cmm/m/it/10 g[] \OMS/cmsy/m/n
/10 ! \OML/cmm/m/it/10 ^^Zg$\OT1/cmr/m/n/10 , then $(\OML/cmm/m/it/10 f[]; g[]\
OT1/cmr/m/n/10 )$ at-tains its norm (Propo-si-tion 1.12[](d))
 []

[7]
Overfull \hbox (13.24777pt too wide) detected at line 552
\OML/cmm/m/it/10 t\OT1/cmr/m/n/10 ^^A = [] \OMS/cmsy/m/n/10 k\OML/cmm/m/it/10 A
[] \OMS/cmsy/m/n/10 ^^@ \OML/cmm/m/it/10 A\OMS/cmsy/m/n/10 k[] \OT1/cmr/m/n/10 
= [](\OML/cmm/m/it/10 q[]\OT1/cmr/m/n/10 (\OML/cmm/m/it/10 A[]\OT1/cmr/m/n/10 )
 \OMS/cmsy/m/n/10 ^^@ \OML/cmm/m/it/10 q[]\OT1/cmr/m/n/10 (\OML/cmm/m/it/10 A\O
T1/cmr/m/n/10 )) \OMS/cmsy/m/n/10 ^^T \OML/cmm/m/it/10 s\OT1/cmr/m/n/10 (\OML/c
mm/m/it/10 t\OT1/cmr/m/n/10 ) \OMS/cmsy/m/n/10 ^^@ [] \OT1/cmr/m/n/10 = []\OML/
cmm/m/it/10 :
 []

[8]
Overfull \hbox (8.33063pt too wide) in paragraph at lines 685--690
[]\OT1/cmr/m/n/10 Note that $\OMS/cmsy/m/n/10 k\OML/cmm/m/it/10 P[]D[]![]\OMS/c
msy/m/n/10 k[] \OT1/cmr/m/n/10 = \OMS/cmsy/m/n/10 k\OML/cmm/m/it/10 D[]![]\OMS/
cmsy/m/n/10 k[] ^^@ \OML/cmm/m/it/10 d[]$\OT1/cmr/m/n/10 , where now $\OML/cmm/
m/it/10 P[]$ \OT1/cmr/m/n/10 projects onto $(\OML/cmm/m/it/10 D[]w[]\OT1/cmr/m/
n/10 )[]$;
 []

[9]
Overfull \hbox (3.20792pt too wide) in paragraph at lines 760--763
[]\OT1/cmr/m/it/10 if $\OMS/cmsy/m/n/10 j\OML/cmm/m/it/10 d^^[\OMS/cmsy/m/n/10 
j ^^T []$ \OT1/cmr/m/it/10 and $\OMS/cmsy/m/n/10 j\OML/cmm/m/it/10 ^^[!\OT1/cmr
/m/n/10 (\OML/cmm/m/it/10 k\OT1/cmr/m/n/10 )\OMS/cmsy/m/n/10 j ^^T []\OT1/cmr/m
/n/10 (\OML/cmm/m/it/10 k\OT1/cmr/m/n/10 )\OML/cmm/m/it/10 =\OT1/cmr/m/n/10 2$ 
\OT1/cmr/m/it/10 for all $\OML/cmm/m/it/10 k$ \OT1/cmr/m/it/10 with $\OML/cmm/m
/it/10 !\OT1/cmr/m/n/10 (\OML/cmm/m/it/10 k\OT1/cmr/m/n/10 ) \OMS/cmsy/m/n/10 6
\OT1/cmr/m/n/10 = 0$\OT1/cmr/m/it/10 , then $\OMS/cmsy/m/n/10 k\OML/cmm/m/it/10
 W\OT1/cmr/m/n/10 (\OML/cmm/m/it/10 ^^[\OT1/cmr/m/n/10 )\OMS/cmsy/m/n/10 k[] \O
T1/cmr/m/n/10 =
 []

[10] [11]
Overfull \hbox (13.41725pt too wide) in paragraph at lines 881--889
\OT1/cmr/m/it/10 quence $\OML/cmm/m/it/10 f[] \OMS/cmsy/m/n/10 ! \OML/cmm/m/it/
10 f$\OT1/cmr/m/it/10 , finitely many such mates si-mul-ta-ne-ously, and $\OT1/
cmr/m/n/10 (\OML/cmm/m/it/10 f; g\OT1/cmr/m/n/10 ) \OMS/cmsy/m/n/10 2 [] []\OT1
/cmr/m/n/10 ((\OML/cmm/m/it/10 X; p\OT1/cmr/m/n/10 )\OML/cmm/m/it/10 ; `[]\OT1/
cmr/m/n/10 )$\OT1/cmr/m/it/10 ;
 []

[12] [13]
Overfull \hbox (3.53159pt too wide) in paragraph at lines 1092--1100
[]\OT1/cmr/m/n/10 By lin-ear-ity $\OML/cmm/m/it/10 g[] \OT1/cmr/m/n/10 = [][] \
OML/cmm/m/it/10 ^^V[]g[]$\OT1/cmr/m/n/10 , and by con-vex-ity of $\OML/cmm/m/it
/10 p[]$\OT1/cmr/m/n/10 , $\OML/cmm/m/it/10 p[]\OT1/cmr/m/n/10 (\OML/cmm/m/it/1
0 f \OT1/cmr/m/n/10 + \OML/cmm/m/it/10 s^^Zg[]\OT1/cmr/m/n/10 ) \OMS/cmsy/m/n/1
0 ^^T [][] \OML/cmm/m/it/10 ^^V[]p[]\OT1/cmr/m/n/10 (\OML/cmm/m/it/10 f \OT1/cm
r/m/n/10 +
 []

[14] [15]
Overfull \hbox (8.82774pt too wide) detected at line 1200
\OML/cmm/m/it/10 E[]\OT1/cmr/m/n/10 (\OML/cmm/m/it/10 ^^[\OT1/cmr/m/n/10 ; \OML
/cmm/m/it/10 !\OT1/cmr/m/n/10 ) := \OMS/cmsy/m/n/10 f\OML/cmm/m/it/10 k \OMS/cm
sy/m/n/10 2 \OML/cmm/m/it/10 Q[] \OT1/cmr/m/n/10 : \OML/cmm/m/it/10 ^^[\OMS/cms
y/m/n/10 j\OML/cmm/m/it/10 !\OT1/cmr/m/n/10 (\OML/cmm/m/it/10 k\OT1/cmr/m/n/10 
)\OMS/cmsy/m/n/10 j \OML/cmm/m/it/10 > [][]\OT1/cmr/m/n/10 (\OML/cmm/m/it/10 k\
OT1/cmr/m/n/10 )\OML/cmm/m/it/10 =\OT1/cmr/m/n/10 2\OMS/cmsy/m/n/10 g\OML/cmm/m
/it/10 ;  T[]\OT1/cmr/m/n/10 (\OML/cmm/m/it/10 ^^[\OT1/cmr/m/n/10 ; \OML/cmm/m/
it/10 !\OT1/cmr/m/n/10 ) := [] \OML/cmm/m/it/10 ^^U[]\OMS/cmsy/m/n/10 j\OML/cmm
/m/it/10 !\OT1/cmr/m/n/10 (\OML/cmm/m/it/10 k\OT1/cmr/m/n/10 )\OMS/cmsy/m/n/10 
j\OML/cmm/m/it/10 :
 []

[16]
Overfull \hbox (2.05066pt too wide) in paragraph at lines 1304--1309
[]\OT1/cmr/m/it/10 Truncation. \OT1/cmr/m/n/10 Let $\OML/cmm/m/it/10 r \OT1/cmr
/m/n/10 := (\OML/cmm/m/it/10 I \OMS/cmsy/m/n/10 ^^@ \OML/cmm/m/it/10 P[]\OT1/cm
r/m/n/10 )\OML/cmm/m/it/10 b$\OT1/cmr/m/n/10 , $\OML/cmm/m/it/10 "[] \OT1/cmr/m
/n/10 := \OMS/cmsy/m/n/10 k\OML/cmm/m/it/10 U[]r\OMS/cmsy/m/n/10 k$\OT1/cmr/m/n
/10 , and note $\OML/cmm/m/it/10 ^^L[] \OT1/cmr/m/n/10 = \OML/cmm/m/it/10 r\OT1
/cmr/m/n/10 ([]) = [][] \OML/cmm/m/it/10 z[]r[] \OT1/cmr/m/n/10 +
 []

[17]
Overfull \hbox (20.87653pt too wide) in paragraph at lines 1422--1432
[]\OT1/cmr/m/it/10 Mate. \OT1/cmr/m/n/10 For $\OMS/cmsy/m/n/10 j\OML/cmm/m/it/1
0 t\OMS/cmsy/m/n/10 j ^^T \OML/cmm/m/it/10 ^^\[]=^^Z$\OT1/cmr/m/n/10 , $\OML/cm
m/m/it/10 p[]\OT1/cmr/m/n/10 (\OML/cmm/m/it/10 f \OT1/cmr/m/n/10 + \OML/cmm/m/i
t/10 t^^Zg[]\OT1/cmr/m/n/10 ) \OMS/cmsy/m/n/10 ^^T \OML/cmm/m/it/10 s\OT1/cmr/m
/n/10 (\OML/cmm/m/it/10 ^^Zt\OT1/cmr/m/n/10 ) + \OML/cmm/m/it/10 ^^N^^Z[]t[] \O
MS/cmsy/m/n/10 ^^T \OML/cmm/m/it/10 s\OT1/cmr/m/n/10 (\OML/cmm/m/it/10 t\OT1/cm
r/m/n/10 )$ as soon as $\OML/cmm/m/it/10 ^^N^^Z[] []\OT1/cmr/m/n/10 (1\OML/cmm/
m/it/10 ; ^^\[]=^^Z\OT1/cmr/m/n/10 ) \OMS/cmsy/m/n/10 ^^T
 []

[18] [19] [20] [21] [22] [23] [24]
Overfull \hbox (6.83041pt too wide) in paragraph at lines 1921--1926
\OT1/cmr/bx/n/10 Lemma 5.11 \OT1/cmr/m/n/10 (Ex-act lo-cal block for-mula)\OT1/
cmr/bx/n/10 . \OT1/cmr/m/it/10 Fix a block and drop $\OML/cmm/m/it/10 m$\OT1/cm
r/m/it/10 ; re-call $[][] \OT1/cmr/m/n/10 ^^H(\OML/cmm/m/it/10 k\OT1/cmr/m/n/10
 )[] \OML/cmm/m/it/10 <
 []

[25]
Overfull \hbox (4.43724pt too wide) detected at line 2042
[] [] \OMS/cmsy/m/n/10 ^^U [][] [] []\OT1/cmr/m/n/10 2\OMS/cmsy/m/n/10 h\OML/cm
m/m/it/10 U[]b; k[]\OMS/cmsy/m/n/10 i ^^@ []k\OML/cmm/m/it/10 k[]\OMS/cmsy/m/n/
10 k[][] \OT1/cmr/m/n/10 + [] [] []2\OML/cmm/m/it/10 v[]\OT1/cmr/m/n/10 (\OML/c
mm/m/it/10 ^^N\OT1/cmr/m/n/10 ) \OMS/cmsy/m/n/10 ^^@ H[]\OT1/cmr/m/n/10 (\OML/c
mm/m/it/10 ^^N\OT1/cmr/m/n/10 )[][]\OML/cmm/m/it/10 :
 []

[26]
LaTeX Font Info:    Trying to load font information for U+euf on input line 212
5.
 (/usr/share/texlive/texmf-dist/tex/latex/amsfonts/ueuf.fd
File: ueuf.fd 2013/01/14 v3.01 Euler Fraktur
) [27]
Overfull \hbox (11.19237pt too wide) detected at line 2193
[] \OML/cmm/m/it/10 y[] \OMS/cmsy/m/n/10 \ \OML/cmm/m/it/10 S[] \OT1/cmr/m/n/10
 = \OMS/cmsy/m/n/10 ;\OML/cmm/m/it/10 ;  \OT1/cmr/m/n/10 2\OML/cmm/m/it/10 c[] 
\OMS/cmsy/m/n/10 ^^T \OT1/cmr/m/n/10 2[]\OML/cmm/m/it/10 c[]^^N[][]s \OMS/cmsy/
m/n/10 2 [] \OML/cmm/m/it/10 y[] \OMS/cmsy/m/n/10 \ \OML/cmm/m/it/10 S[];  l[] 
\OMS/cmsy/m/n/10 6\OT1/cmr/m/n/10 = \OML/cmm/m/it/10 l;  \OT1/cmr/m/n/10 3\OML/
cmm/m/it/10 ^^Z[]\OT1/cmr/m/n/10 (2\OMS/cmsy/m/n/10 j\OT1/cmr/m/n/10 ^^C(\OML/c
mm/m/it/10 i\OT1/cmr/m/n/10 )\OMS/cmsy/m/n/10 j \OT1/cmr/m/n/10 + 3) \OMS/cmsy/
m/n/10 ^^T []\OML/cmm/m/it/10 :
 []


Overfull \hbox (6.73097pt too wide) in paragraph at lines 2200--2202
[]$\OML/cmm/m/it/10 u[] \OT1/cmr/m/n/10 := (\OML/cmm/m/it/10 e[]=q[]\OT1/cmr/m/
n/10 (\OML/cmm/m/it/10 e[]\OT1/cmr/m/n/10 ) + \OML/cmm/m/it/10 ^^N[]h[]\OT1/cmr
/m/n/10 )\OML/cmm/m/it/10 =n[]$ \OT1/cmr/m/n/10 and, for ex-cep-tional $(\OML/c
mm/m/it/10 k; m\OT1/cmr/m/n/10 )$, $\OML/cmm/m/it/10 u[] \OT1/cmr/m/n/10 := (\O
ML/cmm/m/it/10 e[]=q[]\OT1/cmr/m/n/10 (\OML/cmm/m/it/10 e[]\OT1/cmr/m/n/10 ) +
 []

[28] [29] [30] [31] [32] [33] [34] (build/martin_density_note.aux)
 ***********
LaTeX2e <2023-11-01> patch level 1
L3 programming layer <2024-01-22>
 ***********
 ) 
Here is how much of TeX's memory you used:
 3829 strings out of 476182
 55773 string characters out of 5795595
 1950975 words of memory out of 5000000
 25645 multiletter control sequences out of 15000+600000
 567594 words of font info for 72 fonts, out of 8000000 for 9000
 175 hyphenation exceptions out of 8191
 71i,12n,79p,301b,371s stack positions out of 10000i,1000n,20000p,200000b,200000s
</usr/share/texlive/texmf-dist/fonts/type1/public/amsfonts/cm/cmbx10.pfb></us
r/share/texlive/texmf-dist/fonts/type1/public/amsfonts/cm/cmbx8.pfb></usr/share
/texlive/texmf-dist/fonts/type1/public/amsfonts/cm/cmcsc10.pfb></usr/share/texl
ive/texmf-dist/fonts/type1/public/amsfonts/cm/cmex10.pfb></usr/share/texlive/te
xmf-dist/fonts/type1/public/amsfonts/cm/cmmi10.pfb></usr/share/texlive/texmf-di
st/fonts/type1/public/amsfonts/cm/cmmi5.pfb></usr/share/texlive/texmf-dist/font
s/type1/public/amsfonts/cm/cmmi6.pfb></usr/share/texlive/texmf-dist/fonts/type1
/public/amsfonts/cm/cmmi7.pfb></usr/share/texlive/texmf-dist/fonts/type1/public
/amsfonts/cm/cmmi8.pfb></usr/share/texlive/texmf-dist/fonts/type1/public/amsfon
ts/cm/cmr10.pfb></usr/share/texlive/texmf-dist/fonts/type1/public/amsfonts/cm/c
mr5.pfb></usr/share/texlive/texmf-dist/fonts/type1/public/amsfonts/cm/cmr6.pfb>
</usr/share/texlive/texmf-dist/fonts/type1/public/amsfonts/cm/cmr7.pfb></usr/sh
are/texlive/texmf-dist/fonts/type1/public/amsfonts/cm/cmr8.pfb></usr/share/texl
ive/texmf-dist/fonts/type1/public/amsfonts/cm/cmsy10.pfb></usr/share/texlive/te
xmf-dist/fonts/type1/public/amsfonts/cm/cmsy5.pfb></usr/share/texlive/texmf-dis
t/fonts/type1/public/amsfonts/cm/cmsy7.pfb></usr/share/texlive/texmf-dist/fonts
/type1/public/amsfonts/cm/cmsy8.pfb></usr/share/texlive/texmf-dist/fonts/type1/
public/amsfonts/cm/cmti10.pfb></usr/share/texlive/texmf-dist/fonts/type1/public
/amsfonts/cm/cmti8.pfb></usr/share/texlive/texmf-dist/fonts/type1/public/amsfon
ts/euler/eufm10.pfb></usr/share/texlive/texmf-dist/fonts/type1/public/amsfonts/
symbols/msam10.pfb></usr/share/texlive/texmf-dist/fonts/type1/public/amsfonts/s
ymbols/msbm10.pfb></usr/share/texlive/texmf-dist/fonts/type1/public/amsfonts/sy
mbols/msbm7.pfb>
Output written on build/martin_density_note.pdf (34 pages, 529064 bytes).
PDF statistics:
 234 PDF objects out of 1000 (max. 8388607)
 148 compressed objects within 2 object streams
 0 named destinations out of 1000 (max. 500000)
 1 words of extra memory for PDF output out of 10000 (max. 10000000)

