This is pdfTeX, Version 3.141592653-2.6-1.40.25 (TeX Live 2023/Debian) (preloaded format=pdflatex)
 restricted \write18 enabled.
entering extended mode
(./rev.tex
LaTeX2e <2023-11-01> patch level 1
L3 programming layer <2024-01-22>
(/usr/share/texlive/texmf-dist/tex/latex/amscls/amsart.cls
Document Class: amsart 2020/05/29 v2.20.6
(/usr/share/texlive/texmf-dist/tex/latex/amsmath/amsmath.sty
For additional information on amsmath, use the `?' option.
(/usr/share/texlive/texmf-dist/tex/latex/amsmath/amstext.sty
(/usr/share/texlive/texmf-dist/tex/latex/amsmath/amsgen.sty))
(/usr/share/texlive/texmf-dist/tex/latex/amsmath/amsbsy.sty)
(/usr/share/texlive/texmf-dist/tex/latex/amsmath/amsopn.sty))
(/usr/share/texlive/texmf-dist/tex/latex/amsfonts/umsa.fd)
(/usr/share/texlive/texmf-dist/tex/latex/amsfonts/amsfonts.sty))
(/usr/share/texlive/texmf-dist/tex/latex/amsfonts/amssymb.sty)
(/usr/share/texlive/texmf-dist/tex/latex/mathtools/mathtools.sty
(/usr/share/texlive/texmf-dist/tex/latex/graphics/keyval.sty)
(/usr/share/texlive/texmf-dist/tex/latex/tools/calc.sty)
(/usr/share/texlive/texmf-dist/tex/latex/mathtools/mhsetup.sty))
(/usr/share/texlive/texmf-dist/tex/latex/l3backend/l3backend-pdftex.def)
(./rev.aux) (/usr/share/texlive/texmf-dist/tex/latex/amsfonts/umsa.fd)
(/usr/share/texlive/texmf-dist/tex/latex/amsfonts/umsb.fd)
(/usr/share/texlive/texmf-dist/tex/latex/graphics/graphicx.sty
(/usr/share/texlive/texmf-dist/tex/latex/graphics/graphics.sty
(/usr/share/texlive/texmf-dist/tex/latex/graphics/trig.sty)
(/usr/share/texlive/texmf-dist/tex/latex/graphics-cfg/graphics.cfg)
(/usr/share/texlive/texmf-dist/tex/latex/graphics-def/pdftex.def
(/usr/share/texlive/texmf-dist/tex/context/base/mkii/supp-pdf.mkii
[Loading MPS to PDF converter (version 2006.09.02).]
))) (/usr/share/texlive/texmf-dist/tex/latex/epstopdf-pkg/epstopdf-base.sty
(/usr/share/texlive/texmf-dist/tex/latex/latexconfig/epstopdf-sys.cfg)))
(./rev.toc [1{/var/lib/texmf/fonts/map/pdftex/updmap/pdftex.map}]) [2] [3]
Overfull \hbox (14.57051pt too wide) detected at line 216
\OML/cmm/m/it/10 ^^P=\OMS/cmsy/m/n/10 j\OML/cmm/m/it/10 ^^P\OMS/cmsy/m/n/10 j \
OT1/cmr/m/n/10 = \OML/cmm/m/it/10  \OT1/cmr/m/n/10 + \OML/cmm/m/it/10 D[]w=C; 
 \OMS/cmsy/m/n/10 k\OML/cmm/m/it/10 \OMS/cmsy/m/n/10 k[] \OT1/cmr/m/n/10 = 1\O
ML/cmm/m/it/10 ;  []  \OMS/cmsy/m/n/10 ^^R \OML/cmm/m/it/10 P;  [] \OT1/cmr/m
/n/10 (\OML/cmm/m/it/10 k\OT1/cmr/m/n/10 ) = [] \OML/cmm/m/it/10 w\OT1/cmr/m/n/
10 (\OML/cmm/m/it/10 k\OT1/cmr/m/n/10 ) (\OML/cmm/m/it/10 k \OMS/cmsy/m/n/10 2 
[] \OML/cmm/m/it/10 \OT1/cmr/m/n/10 )\OML/cmm/m/it/10 :
[4] [5] [6]
Overfull \hbox (6.8814pt too wide) in paragraph at lines 521--537
[]\OT1/cmr/m/n/10 If $\OML/cmm/m/it/10 g[] \OMS/cmsy/m/n/10 2 C\OT1/cmr/m/n/10 
(\OML/cmm/m/it/10 f[]\OT1/cmr/m/n/10 )$ and $\OML/cmm/m/it/10 g[] \OMS/cmsy/m/n
/10 ! \OML/cmm/m/it/10 ^^Zg$\OT1/cmr/m/n/10 , then $(\OML/cmm/m/it/10 f[]; g[]\
OT1/cmr/m/n/10 )$ at-tains its norm (Propo-si-tion 1.12[](d))
[7]
Overfull \hbox (13.24777pt too wide) detected at line 564
\OML/cmm/m/it/10 t\OT1/cmr/m/n/10 ^^A = [] \OMS/cmsy/m/n/10 k\OML/cmm/m/it/10 A
[] \OMS/cmsy/m/n/10 ^^@ \OML/cmm/m/it/10 A\OMS/cmsy/m/n/10 k[] \OT1/cmr/m/n/10 
= [](\OML/cmm/m/it/10 q[]\OT1/cmr/m/n/10 (\OML/cmm/m/it/10 A[]\OT1/cmr/m/n/10 )
 \OMS/cmsy/m/n/10 ^^@ \OML/cmm/m/it/10 q[]\OT1/cmr/m/n/10 (\OML/cmm/m/it/10 A\O
T1/cmr/m/n/10 )) \OMS/cmsy/m/n/10 ^^T \OML/cmm/m/it/10 s\OT1/cmr/m/n/10 (\OML/c
mm/m/it/10 t\OT1/cmr/m/n/10 ) \OMS/cmsy/m/n/10 ^^@ [] \OT1/cmr/m/n/10 = []\OML/
cmm/m/it/10 :
[8] [9]
Overfull \hbox (16.99135pt too wide) in paragraph at lines 699--705
[]\OT1/cmr/m/n/10 Let $\OML/cmm/m/it/10 P[]$ \OT1/cmr/m/n/10 de-note the or-tho
g-o-nal pro-jec-tion of $\OML/cmm/m/it/10 `[]$ \OT1/cmr/m/n/10 onto $(\OML/cmm/
m/it/10 D[]w[]\OT1/cmr/m/n/10 )[]$. Then $\OMS/cmsy/m/n/10 k\OML/cmm/m/it/10 P[
]D[]![]\OMS/cmsy/m/n/10 k[] \OT1/cmr/m/n/10 =

Overfull \hbox (3.2333pt too wide) in paragraph at lines 699--705
\OT1/cmr/m/n/10 or-di-nate is com-pared with its own gap. (A cruder ra-dius $[]
[] [](\OML/cmm/m/it/10 k\OT1/cmr/m/n/10 )\OML/cmm/m/it/10 =\OT1/cmr/m/n/10 (2 [
][] \OMS/cmsy/m/n/10 j\OML/cmm/m/it/10 !\OT1/cmr/m/n/10 (\OML/cmm/m/it/10 k\OT1
/cmr/m/n/10 )\OMS/cmsy/m/n/10 j\OT1/cmr/m/n/10 )$
[10]
Overfull \hbox (3.20792pt too wide) in paragraph at lines 775--778
[]\OT1/cmr/m/it/10 if $\OMS/cmsy/m/n/10 j\OML/cmm/m/it/10 d^^[\OMS/cmsy/m/n/10 
j ^^T []$ \OT1/cmr/m/it/10 and $\OMS/cmsy/m/n/10 j\OML/cmm/m/it/10 ^^[!\OT1/cmr
/m/n/10 (\OML/cmm/m/it/10 k\OT1/cmr/m/n/10 )\OMS/cmsy/m/n/10 j ^^T []\OT1/cmr/m
/n/10 (\OML/cmm/m/it/10 k\OT1/cmr/m/n/10 )\OML/cmm/m/it/10 =\OT1/cmr/m/n/10 2$ 
\OT1/cmr/m/it/10 for all $\OML/cmm/m/it/10 k$ \OT1/cmr/m/it/10 with $\OML/cmm/m
/it/10 !\OT1/cmr/m/n/10 (\OML/cmm/m/it/10 k\OT1/cmr/m/n/10 ) \OMS/cmsy/m/n/10 6
\OT1/cmr/m/n/10 = 0$\OT1/cmr/m/it/10 , then $\OMS/cmsy/m/n/10 k\OML/cmm/m/it/10
 W\OT1/cmr/m/n/10 (\OML/cmm/m/it/10 ^^[\OT1/cmr/m/n/10 )\OMS/cmsy/m/n/10 k[] \O
T1/cmr/m/n/10 =
[11]
Overfull \hbox (13.41725pt too wide) in paragraph at lines 896--904
\OT1/cmr/m/it/10 quence $\OML/cmm/m/it/10 f[] \OMS/cmsy/m/n/10 ! \OML/cmm/m/it/
10 f$\OT1/cmr/m/it/10 , finitely many such mates si-mul-ta-ne-ously, and $\OT1/
cmr/m/n/10 (\OML/cmm/m/it/10 f; g\OT1/cmr/m/n/10 ) \OMS/cmsy/m/n/10 2 [] []\OT1
/cmr/m/n/10 ((\OML/cmm/m/it/10 X; p\OT1/cmr/m/n/10 )\OML/cmm/m/it/10 ; `[]\OT1/
cmr/m/n/10 )$\OT1/cmr/m/it/10 ;
[12] [13] [14]
Overfull \hbox (3.53159pt too wide) in paragraph at lines 1107--1115
[]\OT1/cmr/m/n/10 By lin-ear-ity $\OML/cmm/m/it/10 g[] \OT1/cmr/m/n/10 = [][] \
OML/cmm/m/it/10 ^^V[]g[]$\OT1/cmr/m/n/10 , and by con-vex-ity of $\OML/cmm/m/it
/10 p[]$\OT1/cmr/m/n/10 , $\OML/cmm/m/it/10 p[]\OT1/cmr/m/n/10 (\OML/cmm/m/it/1
0 f \OT1/cmr/m/n/10 + \OML/cmm/m/it/10 s^^Zg[]\OT1/cmr/m/n/10 ) \OMS/cmsy/m/n/1
0 ^^T [][] \OML/cmm/m/it/10 ^^V[]p[]\OT1/cmr/m/n/10 (\OML/cmm/m/it/10 f \OT1/cm
r/m/n/10 +
[15]
Overfull \hbox (8.82774pt too wide) detected at line 1217
\OML/cmm/m/it/10 E[]\OT1/cmr/m/n/10 (\OML/cmm/m/it/10 ^^[\OT1/cmr/m/n/10 ; \OML
/cmm/m/it/10 !\OT1/cmr/m/n/10 ) := \OMS/cmsy/m/n/10 f\OML/cmm/m/it/10 k \OMS/cm
sy/m/n/10 2 \OML/cmm/m/it/10 Q[] \OT1/cmr/m/n/10 : \OML/cmm/m/it/10 ^^[\OMS/cms
y/m/n/10 j\OML/cmm/m/it/10 !\OT1/cmr/m/n/10 (\OML/cmm/m/it/10 k\OT1/cmr/m/n/10 
)\OMS/cmsy/m/n/10 j \OML/cmm/m/it/10 > [][]\OT1/cmr/m/n/10 (\OML/cmm/m/it/10 k\
OT1/cmr/m/n/10 )\OML/cmm/m/it/10 =\OT1/cmr/m/n/10 2\OMS/cmsy/m/n/10 g\OML/cmm/m
/it/10 ;  T[]\OT1/cmr/m/n/10 (\OML/cmm/m/it/10 ^^[\OT1/cmr/m/n/10 ; \OML/cmm/m/
it/10 !\OT1/cmr/m/n/10 ) := [] \OML/cmm/m/it/10 ^^U[]\OMS/cmsy/m/n/10 j\OML/cmm
/m/it/10 !\OT1/cmr/m/n/10 (\OML/cmm/m/it/10 k\OT1/cmr/m/n/10 )\OMS/cmsy/m/n/10 
j\OML/cmm/m/it/10 :
[16]
Overfull \hbox (2.05066pt too wide) in paragraph at lines 1325--1330
[]\OT1/cmr/m/it/10 Truncation. \OT1/cmr/m/n/10 Let $\OML/cmm/m/it/10 r \OT1/cmr
/m/n/10 := (\OML/cmm/m/it/10 I \OMS/cmsy/m/n/10 ^^@ \OML/cmm/m/it/10 P[]\OT1/cm
r/m/n/10 )\OML/cmm/m/it/10 b$\OT1/cmr/m/n/10 , $\OML/cmm/m/it/10 "[] \OT1/cmr/m
/n/10 := \OMS/cmsy/m/n/10 k\OML/cmm/m/it/10 U[]r\OMS/cmsy/m/n/10 k$\OT1/cmr/m/n
/10 , and note $\OML/cmm/m/it/10 ^^L[] \OT1/cmr/m/n/10 = \OML/cmm/m/it/10 r\OT1
/cmr/m/n/10 ([]) = [][] \OML/cmm/m/it/10 z[]r[] \OT1/cmr/m/n/10 +
[17] [18]
Overfull \hbox (20.87653pt too wide) in paragraph at lines 1449--1459
[]\OT1/cmr/m/it/10 Mate. \OT1/cmr/m/n/10 For $\OMS/cmsy/m/n/10 j\OML/cmm/m/it/1
0 t\OMS/cmsy/m/n/10 j ^^T \OML/cmm/m/it/10 ^^\[]=^^Z$\OT1/cmr/m/n/10 , $\OML/cm
m/m/it/10 p[]\OT1/cmr/m/n/10 (\OML/cmm/m/it/10 f \OT1/cmr/m/n/10 + \OML/cmm/m/i
t/10 t^^Zg[]\OT1/cmr/m/n/10 ) \OMS/cmsy/m/n/10 ^^T \OML/cmm/m/it/10 s\OT1/cmr/m
/n/10 (\OML/cmm/m/it/10 ^^Zt\OT1/cmr/m/n/10 ) + \OML/cmm/m/it/10 ^^N^^Z[]t[] \O
MS/cmsy/m/n/10 ^^T \OML/cmm/m/it/10 s\OT1/cmr/m/n/10 (\OML/cmm/m/it/10 t\OT1/cm
r/m/n/10 )$ as soon as $\OML/cmm/m/it/10 ^^N^^Z[] []\OT1/cmr/m/n/10 (1\OML/cmm/
m/it/10 ; ^^\[]=^^Z\OT1/cmr/m/n/10 ) \OMS/cmsy/m/n/10 ^^T
[19] [20] [21] [22] (/usr/share/texlive/texmf-dist/tex/latex/amsfonts/ueuf.fd)
[23] [24]
Overfull \hbox (6.83041pt too wide) in paragraph at lines 1955--1960
\OT1/cmr/bx/n/10 Lemma 5.11 \OT1/cmr/m/n/10 (Ex-act lo-cal block for-mula)\OT1/
cmr/bx/n/10 . \OT1/cmr/m/it/10 Fix a block and drop $\OML/cmm/m/it/10 m$\OT1/cm
r/m/it/10 ; re-call $[][] \OT1/cmr/m/n/10 ^^H(\OML/cmm/m/it/10 k\OT1/cmr/m/n/10
 )[] \OML/cmm/m/it/10 <
[25]
Overfull \hbox (4.43724pt too wide) detected at line 2076
[] [] \OMS/cmsy/m/n/10 ^^U [][] [] []\OT1/cmr/m/n/10 2\OMS/cmsy/m/n/10 h\OML/cm
m/m/it/10 U[]b; k[]\OMS/cmsy/m/n/10 i ^^@ []k\OML/cmm/m/it/10 k[]\OMS/cmsy/m/n/
10 k[][] \OT1/cmr/m/n/10 + [] [] []2\OML/cmm/m/it/10 v[]\OT1/cmr/m/n/10 (\OML/c
mm/m/it/10 ^^N\OT1/cmr/m/n/10 ) \OMS/cmsy/m/n/10 ^^@ H[]\OT1/cmr/m/n/10 (\OML/c
mm/m/it/10 ^^N\OT1/cmr/m/n/10 )[][]\OML/cmm/m/it/10 :
[26] [27]
Overfull \hbox (2.64015pt too wide) detected at line 2229
[] \OML/cmm/m/it/10 y[] \OMS/cmsy/m/n/10 \ \OML/cmm/m/it/10 S[] \OT1/cmr/m/n/10
 = \OMS/cmsy/m/n/10 ;\OML/cmm/m/it/10 ;  \OT1/cmr/m/n/10 2\OML/cmm/m/it/10 c[] 
\OMS/cmsy/m/n/10 ^^T \OT1/cmr/m/n/10 2[]\OML/cmm/m/it/10 c[]^^N[][]s \OMS/cmsy/
m/n/10 2 [] \OML/cmm/m/it/10 y[] \OMS/cmsy/m/n/10 \ \OML/cmm/m/it/10 S[];  l[] 
\OMS/cmsy/m/n/10 6\OT1/cmr/m/n/10 = \OML/cmm/m/it/10 l;  \OT1/cmr/m/n/10 3\OML/
cmm/m/it/10 r[]\OT1/cmr/m/n/10 (2\OMS/cmsy/m/n/10 j\OT1/cmr/m/n/10 ^^C[]\OMS/cm
sy/m/n/10 j \OT1/cmr/m/n/10 + 3) \OMS/cmsy/m/n/10 ^^T []\OML/cmm/m/it/10 :
[28] [29] [30] [31] [32] [33] [34] [35] [36] (./rev.aux)

LaTeX Warning: Label(s) may have changed. Rerun to get cross-references right.

 )
(see the transcript file for additional information)</usr/share/texlive/texmf-d
ist/fonts/type1/public/amsfonts/cm/cmbx10.pfb></usr/share/texlive/texmf-dist/fo
nts/type1/public/amsfonts/cm/cmbx8.pfb></usr/share/texlive/texmf-dist/fonts/typ
e1/public/amsfonts/cm/cmcsc10.pfb></usr/share/texlive/texmf-dist/fonts/type1/pu
blic/amsfonts/cm/cmex10.pfb></usr/share/texlive/texmf-dist/fonts/type1/public/a
msfonts/cm/cmmi10.pfb></usr/share/texlive/texmf-dist/fonts/type1/public/amsfont
s/cm/cmmi5.pfb></usr/share/texlive/texmf-dist/fonts/type1/public/amsfonts/cm/cm
mi6.pfb></usr/share/texlive/texmf-dist/fonts/type1/public/amsfonts/cm/cmmi7.pfb
></usr/share/texlive/texmf-dist/fonts/type1/public/amsfonts/cm/cmmi8.pfb></usr/
share/texlive/texmf-dist/fonts/type1/public/amsfonts/cm/cmr10.pfb></usr/share/t
exlive/texmf-dist/fonts/type1/public/amsfonts/cm/cmr5.pfb></usr/share/texlive/t
exmf-dist/fonts/type1/public/amsfonts/cm/cmr6.pfb></usr/share/texlive/texmf-dis
t/fonts/type1/public/amsfonts/cm/cmr7.pfb></usr/share/texlive/texmf-dist/fonts/
type1/public/amsfonts/cm/cmr8.pfb></usr/share/texlive/texmf-dist/fonts/type1/pu
blic/amsfonts/cm/cmsy10.pfb></usr/share/texlive/texmf-dist/fonts/type1/public/a
msfonts/cm/cmsy5.pfb></usr/share/texlive/texmf-dist/fonts/type1/public/amsfonts
/cm/cmsy7.pfb></usr/share/texlive/texmf-dist/fonts/type1/public/amsfonts/cm/cms
y8.pfb></usr/share/texlive/texmf-dist/fonts/type1/public/amsfonts/cm/cmti10.pfb
></usr/share/texlive/texmf-dist/fonts/type1/public/amsfonts/cm/cmti8.pfb></usr/
share/texlive/texmf-dist/fonts/type1/public/amsfonts/euler/eufm10.pfb></usr/sha
re/texlive/texmf-dist/fonts/type1/public/amsfonts/euler/eufm7.pfb></usr/share/t
exlive/texmf-dist/fonts/type1/public/amsfonts/symbols/msam10.pfb></usr/share/te
xlive/texmf-dist/fonts/type1/public/amsfonts/symbols/msbm10.pfb></usr/share/tex
live/texmf-dist/fonts/type1/public/amsfonts/symbols/msbm7.pfb>
Output written on rev.pdf (36 pages, 541447 bytes).
Transcript written on rev.log.
