This is pdfTeX, Version 3.141592653-2.6-1.40.25 (TeX Live 2023/Debian) (preloaded format=pdflatex)
 restricted \write18 enabled.
entering extended mode
(./martin_density_note.tex
LaTeX2e <2023-11-01> patch level 1
L3 programming layer <2024-01-22>
(/usr/share/texlive/texmf-dist/tex/latex/amscls/amsart.cls
Document Class: amsart 2020/05/29 v2.20.6
(/usr/share/texlive/texmf-dist/tex/latex/amsmath/amsmath.sty
For additional information on amsmath, use the `?' option.
(/usr/share/texlive/texmf-dist/tex/latex/amsmath/amstext.sty
(/usr/share/texlive/texmf-dist/tex/latex/amsmath/amsgen.sty))
(/usr/share/texlive/texmf-dist/tex/latex/amsmath/amsbsy.sty)
(/usr/share/texlive/texmf-dist/tex/latex/amsmath/amsopn.sty))
(/usr/share/texlive/texmf-dist/tex/latex/amsfonts/umsa.fd)
(/usr/share/texlive/texmf-dist/tex/latex/amsfonts/amsfonts.sty))
(/usr/share/texlive/texmf-dist/tex/latex/amsfonts/amssymb.sty)
(/usr/share/texlive/texmf-dist/tex/latex/mathtools/mathtools.sty
(/usr/share/texlive/texmf-dist/tex/latex/graphics/keyval.sty)
(/usr/share/texlive/texmf-dist/tex/latex/tools/calc.sty)
(/usr/share/texlive/texmf-dist/tex/latex/mathtools/mhsetup.sty))
(/usr/share/texlive/texmf-dist/tex/latex/l3backend/l3backend-pdftex.def)
(./martin_density_note.aux)
(/usr/share/texlive/texmf-dist/tex/latex/amsfonts/umsa.fd)
(/usr/share/texlive/texmf-dist/tex/latex/amsfonts/umsb.fd)
(/usr/share/texlive/texmf-dist/tex/latex/graphics/graphicx.sty
(/usr/share/texlive/texmf-dist/tex/latex/graphics/graphics.sty
(/usr/share/texlive/texmf-dist/tex/latex/graphics/trig.sty)
(/usr/share/texlive/texmf-dist/tex/latex/graphics-cfg/graphics.cfg)
(/usr/share/texlive/texmf-dist/tex/latex/graphics-def/pdftex.def
(/usr/share/texlive/texmf-dist/tex/context/base/mkii/supp-pdf.mkii
[Loading MPS to PDF converter (version 2006.09.02).]
))) (/usr/share/texlive/texmf-dist/tex/latex/epstopdf-pkg/epstopdf-base.sty
(/usr/share/texlive/texmf-dist/tex/latex/latexconfig/epstopdf-sys.cfg)))
(./martin_density_note.toc [1{/var/lib/texmf/fonts/map/pdftex/updmap/pdftex.map
}]) [2] [3] [4] [5] [6] [7] [8] [9] [10] [11] [12] [13] [14] [15] [16] [17]
[18] [19] [20] [21] [22] [23]
(/usr/share/texlive/texmf-dist/tex/latex/amsfonts/ueuf.fd) [24] [25] [26]
Underfull \vbox (badness 2401) has occurred while \output is active [27]
[28] [29] [30] [31] [32] [33] [34] [35]
Overfull \hbox (2.27296pt too wide) in paragraph at lines 2807--2810
[]\OT1/cmr/m/n/10 Put $\OML/cmm/m/it/10 A[] \OT1/cmr/m/n/10 := \OML/cmm/m/it/10
 A \OT1/cmr/m/n/10 + [][] \OML/cmm/m/it/10 "[]R[]y[]$ \OT1/cmr/m/n/10 and $\OML
/cmm/m/it/10 W[] \OT1/cmr/m/n/10 := \OML/cmm/m/it/10 W[] \OMS/cmsy/m/n/10 ^^@ \
OML/cmm/m/it/10 "[]y[]$\OT1/cmr/m/n/10 ; then $\OML/cmm/m/it/10 A[] \OT1/cmr/m/
n/10 + [][] \OML/cmm/m/it/10 R[]W[] \OT1/cmr/m/n/10 =
[36] [37] [38] [39]
Overfull \hbox (1.60043pt too wide) in paragraph at lines 3159--3172
\OT1/cmr/m/n/10 on $\OML/cmm/m/it/10 J$ \OT1/cmr/m/n/10 and $\OML/cmm/m/it/10 z
[]\OT1/cmr/m/n/10 (\OML/cmm/m/it/10 b[]\OT1/cmr/m/n/10 )[] \OMS/cmsy/m/n/10 ^^U
 \OT1/cmr/m/n/10 0$ on $\OML/cmm/m/it/10 K$\OT1/cmr/m/n/10 , and $+\OMS/cmsy/m/
n/10 1$ \OT1/cmr/m/n/10 oth-er-wise. By Step 2, $\OMS/cmsy/m/n/10 Q[]\OT1/cmr/m
/n/10 (\OML/cmm/m/it/10 ^^Y\OT1/cmr/m/n/10 ) = [][] \OML/cmm/m/it/10 ^^[[]H[]\O
T1/cmr/m/n/10 (\OML/cmm/m/it/10 ![]\OT1/cmr/m/n/10 )$
[40] [41] [42] [43] [44] [45] [46] [47] [48] [49]
Underfull \vbox (badness 2856) has occurred while \output is active [50]
[51] [52] [53]
Overfull \hbox (2.59326pt too wide) in paragraph at lines 4180--4183
[]\OT1/cmr/m/n/10 (non-peaks) \OT1/cmr/m/it/10 for $\OML/cmm/m/it/10 k \OMS/cms
y/m/n/10 2 \OML/cmm/m/it/10 Q$ \OT1/cmr/m/it/10 and $\OML/cmm/m/it/10 &[] \OT1/
cmr/m/n/10 := [] \OML/cmm/m/it/10 w\OT1/cmr/m/n/10 (\OML/cmm/m/it/10 k\OT1/cmr/
m/n/10 )$ \OT1/cmr/m/it/10 (any sign if $\OML/cmm/m/it/10 w\OT1/cmr/m/n/10 (\OM
L/cmm/m/it/10 k\OT1/cmr/m/n/10 ) = 0$\OT1/cmr/m/it/10 ), $\OML/cmm/m/it/10 &[]!
[]\OT1/cmr/m/n/10 (\OML/cmm/m/it/10 k\OT1/cmr/m/n/10 ) \OMS/cmsy/m/n/10 ^^T
[54] [55] [56] [57] [58] [59] [60] [61] [62] (./martin_density_note.aux) )
(see the transcript file for additional information)</usr/share/texlive/texmf-d
ist/fonts/type1/public/amsfonts/cm/cmbx10.pfb></usr/share/texlive/texmf-dist/fo
nts/type1/public/amsfonts/cm/cmbx8.pfb></usr/share/texlive/texmf-dist/fonts/typ
e1/public/amsfonts/cm/cmcsc10.pfb></usr/share/texlive/texmf-dist/fonts/type1/pu
blic/amsfonts/cm/cmex10.pfb></usr/share/texlive/texmf-dist/fonts/type1/public/a
msfonts/cm/cmmi10.pfb></usr/share/texlive/texmf-dist/fonts/type1/public/amsfont
s/cm/cmmi5.pfb></usr/share/texlive/texmf-dist/fonts/type1/public/amsfonts/cm/cm
mi6.pfb></usr/share/texlive/texmf-dist/fonts/type1/public/amsfonts/cm/cmmi7.pfb
></usr/share/texlive/texmf-dist/fonts/type1/public/amsfonts/cm/cmmi8.pfb></usr/
share/texlive/texmf-dist/fonts/type1/public/amsfonts/cm/cmr10.pfb></usr/share/t
exlive/texmf-dist/fonts/type1/public/amsfonts/cm/cmr5.pfb></usr/share/texlive/t
exmf-dist/fonts/type1/public/amsfonts/cm/cmr6.pfb></usr/share/texlive/texmf-dis
t/fonts/type1/public/amsfonts/cm/cmr7.pfb></usr/share/texlive/texmf-dist/fonts/
type1/public/amsfonts/cm/cmr8.pfb></usr/share/texlive/texmf-dist/fonts/type1/pu
blic/amsfonts/cm/cmss10.pfb></usr/share/texlive/texmf-dist/fonts/type1/public/a
msfonts/cm/cmsy10.pfb></usr/share/texlive/texmf-dist/fonts/type1/public/amsfont
s/cm/cmsy5.pfb></usr/share/texlive/texmf-dist/fonts/type1/public/amsfonts/cm/cm
sy7.pfb></usr/share/texlive/texmf-dist/fonts/type1/public/amsfonts/cm/cmsy8.pfb
></usr/share/texlive/texmf-dist/fonts/type1/public/amsfonts/cm/cmti10.pfb></usr
/share/texlive/texmf-dist/fonts/type1/public/amsfonts/cm/cmti8.pfb></usr/share/
texlive/texmf-dist/fonts/type1/public/amsfonts/euler/eufm10.pfb></usr/share/tex
live/texmf-dist/fonts/type1/public/amsfonts/euler/eufm7.pfb></usr/share/texlive
/texmf-dist/fonts/type1/public/amsfonts/symbols/msam10.pfb></usr/share/texlive/
texmf-dist/fonts/type1/public/amsfonts/symbols/msbm10.pfb></usr/share/texlive/t
exmf-dist/fonts/type1/public/amsfonts/symbols/msbm7.pfb>
Output written on martin_density_note.pdf (62 pages, 731756 bytes).
Transcript written on martin_density_note.log.
